// Jest Snapshot v1, https://goo.gl/fbAQLP

exports[` haciendo pruebas en FirstApp Debe de hacer match con el snapshot 1`] = `
<div>
  <h1
    data-testid="test-title"
  >
    Hola Soy Goku
  </h1>
  <p>
    Soy un subtitulo
  </p>
</div>
`;
