// Jest Snapshot v1, https://goo.gl/fbAQLP

exports[` Pruebas en el GifExpertApp Hacer match con el snapchot 1`] = `undefined`;
