// Jest Snapshot v1, https://goo.gl/fbAQLP

exports[`Probando el grif grid item Haciendo match con  el snapchot 1`] = `undefined`;
